# Serial probe output — /dev/cu.usbserial-210 — 2026-09-06, 11:58–12:06 PDT
# Verbatim console capture from the four probe scripts in this directory.

$ python3 probe-1-passive-and-queries.py
=== 115200 baud ===
    passive 2.0s           (nothing)
    CR/LF                  (nothing)
    GRBL status '?'        (nothing)
    GRBL build '$I'        (nothing)
    Marlin 'M115'          (nothing)
=== 9600 baud ===
    passive 2.0s           (nothing)
    CR/LF                  (nothing)
    GRBL status '?'        (nothing)
    GRBL build '$I'        3 bytes, 67% printable
      text: b'@\n\xfe'
      hex : 40 0a fe
    Marlin 'M115'          (nothing)
=== 57600 baud ===
    passive 2.0s           (nothing)
    CR/LF                  (nothing)
    GRBL status '?'        (nothing)
    GRBL build '$I'        (nothing)
    Marlin 'M115'          (nothing)
=== 38400 baud ===
    passive 2.0s           (nothing)
    CR/LF                  (nothing)
    GRBL status '?'        (nothing)
    GRBL build '$I'        (nothing)
    Marlin 'M115'          (nothing)
=== 19200 baud ===
    passive 2.0s           (nothing)
    CR/LF                  (nothing)
    GRBL status '?'        (nothing)
    GRBL build '$I'        (nothing)
    Marlin 'M115'          (nothing)
=== 230400 baud ===
    passive 2.0s           (nothing)
    CR/LF                  (nothing)
    GRBL status '?'        (nothing)
    GRBL build '$I'        (nothing)
    Marlin 'M115'          (nothing)

$ python3 probe-2-reset-pulse.py
=== 115200 baud, DTR/RTS reset pulse ===
    post-reset 3.0s          (nothing)
    after CR/LF              (nothing)
=== 74880 baud, DTR/RTS reset pulse ===
    post-reset 3.0s          22 bytes, 27% printable
      text: b'\xad\x01\x08\xd8\xda\xb5\xedR\x9b\x89\x0e)q\xc5\xd8P\x05\xb3I\xc8T\xf8'
      hex : ad 01 08 d8 da b5 ed 52 9b 89 0e 29 71 c5 d8 50 05 b3 49 c8 54 f8
    after CR/LF              (nothing)
=== 9600 baud, DTR/RTS reset pulse ===
    post-reset 3.0s          (nothing)
    after CR/LF              (nothing)
=== 250000 baud, DTR/RTS reset pulse ===
    post-reset 3.0s          (nothing)
    after CR/LF              (nothing)
=== 921600 baud, DTR/RTS reset pulse ===
    post-reset 3.0s          (nothing)
    after CR/LF              (nothing)
=== loopback / echo check @115200 ===
    echo of sent bytes       (nothing)
=== modem lines: 0x006 -> DTR, RTS ===

$ python3 probe-3-baud-sweep.py
   9600 t1  ---
   9600 t2  ---
  19200 t1  ---
  19200 t2  ---
  38400 t1    11 bytes   45% printable  b'\x07\x8b==9p"\xfa\xf2\x19\x88'
  38400 t2  ---
  57600 t1  ---
  57600 t2  ---
  74880 t1  ---
  74880 t2  ---
 115200 t1  ---
 115200 t2  ---
 230400 t1  ---
 230400 t2  ---
 250000 t1  ---
 250000 t2  ---
 460800 t1  ---
 460800 t2  ---
 921600 t1  ---
 921600 t2  ---

most-printable capture: 38400 baud, 11 bytes, 45% printable
?==9p"???

$ python3 probe-4-passive-listen.py
115200 baud, 15s passive: 0 bytes in 0 bursts []
  9600 baud, 15s passive: 0 bytes in 0 bursts []
