# esptool chip detection — /dev/cu.usbserial-210 — 2026-09-06 12:14 PDT
# esptool v5.4.0, installed into an isolated venv (not the system Python)

$ esptool --port /dev/cu.usbserial-210 --chip esp32s3 chip-id
esptool v5.4.0
Serial port /dev/cu.usbserial-210:
Connecting....
Connected to ESP32-S3 on /dev/cu.usbserial-210:
Chip type:          ESP32-S3 (QFN56) (revision v0.2)
Features:           Wi-Fi, BT 5 (LE), Dual Core + LP Core, 240MHz, Embedded PSRAM 8MB (AP_3v3)
Crystal frequency:  40MHz
MAC:                e0:72:a1:f9:02:60

Uploading stub flasher...
Running stub flasher...
Stub flasher running.

WARNING: ESP32-S3 has no chip ID. Reading MAC address instead.
MAC:                e0:72:a1:f9:02:60

Hard resetting via RTS pin...

$ esptool --port /dev/cu.usbserial-210 --chip esp32s3 flash-id
esptool v5.4.0
Serial port /dev/cu.usbserial-210:
Connecting....
Connected to ESP32-S3 on /dev/cu.usbserial-210:
Chip type:          ESP32-S3 (QFN56) (revision v0.2)
Features:           Wi-Fi, BT 5 (LE), Dual Core + LP Core, 240MHz, Embedded PSRAM 8MB (AP_3v3)
Crystal frequency:  40MHz
MAC:                e0:72:a1:f9:02:60

Uploading stub flasher...
Running stub flasher...
Stub flasher running.

Flash Memory Information:
=========================
Manufacturer: ef
Device: 4019
Detected flash size: 32MB
Flash type set in eFuse: quad (4 data lines)
Flash voltage set by eFuse: 3.3V

Hard resetting via RTS pin...
