# Chunked 32 MB backup — reTerminal E1002 — 2026-09-06, 12:28-13:53 PDT

## Run 1 — forced --no-stub, chunks 1-128 attempted
## Clean through the lower 16 MB, then every chunk at or above 0x01000000 refused.
no-stub trials passing: 3/3
=> --no-stub is reliable; using 115200 --no-stub, 256 kB chunks
starting full 32 MB chunked backup at 12:28:02
chunk   1/128  0x00000000  256 kB    0.8%  1 attempt(s)  eta 41:14
chunk   2/128  0x00040000  256 kB    1.6%  1 attempt(s)  eta 40:13
chunk   3/128  0x00080000  256 kB    2.3%  1 attempt(s)  eta 40:02
chunk   4/128  0x000c0000  256 kB    3.1%  1 attempt(s)  eta 39:12
chunk   5/128  0x00100000  256 kB    3.9%  1 attempt(s)  eta 38:23
chunk   6/128  0x00140000  256 kB    4.7%  1 attempt(s)  eta 38:04
chunk   7/128  0x00180000  256 kB    5.5%  1 attempt(s)  eta 37:06
chunk   8/128  0x001c0000  256 kB    6.2%  1 attempt(s)  eta 36:12
chunk   9/128  0x00200000  256 kB    7.0%  1 attempt(s)  eta 35:28
chunk  10/128  0x00240000  256 kB    7.8%  1 attempt(s)  eta 34:43
chunk  11/128  0x00280000  256 kB    8.6%  1 attempt(s)  eta 33:51
chunk  12/128  0x002c0000  256 kB    9.4%  1 attempt(s)  eta 33:01
chunk  13/128  0x00300000  256 kB   10.2%  1 attempt(s)  eta 32:09
chunk  14/128  0x00340000  256 kB   10.9%  1 attempt(s)  eta 31:13
chunk  15/128  0x00380000  256 kB   11.7%  1 attempt(s)  eta 30:20
chunk  16/128  0x003c0000  256 kB   12.5%  1 attempt(s)  eta 29:28
chunk  17/128  0x00400000  256 kB   13.3%  1 attempt(s)  eta 28:42
chunk  18/128  0x00440000  256 kB   14.1%  1 attempt(s)  eta 27:55
chunk  19/128  0x00480000  256 kB   14.8%  1 attempt(s)  eta 27:04
chunk  20/128  0x004c0000  256 kB   15.6%  1 attempt(s)  eta 26:16
chunk  21/128  0x00500000  256 kB   16.4%  1 attempt(s)  eta 25:28
chunk  22/128  0x00540000  256 kB   17.2%  1 attempt(s)  eta 24:38
chunk  23/128  0x00580000  256 kB   18.0%  1 attempt(s)  eta 23:47
chunk  24/128  0x005c0000  256 kB   18.8%  1 attempt(s)  eta 23:00
chunk  25/128  0x00600000  256 kB   19.5%  1 attempt(s)  eta 22:11
chunk  26/128  0x00640000  256 kB   20.3%  1 attempt(s)  eta 21:22
chunk  27/128  0x00680000  256 kB   21.1%  1 attempt(s)  eta 20:34
chunk  28/128  0x006c0000  256 kB   21.9%  1 attempt(s)  eta 19:47
chunk  29/128  0x00700000  256 kB   22.7%  1 attempt(s)  eta 18:59
chunk  30/128  0x00740000  256 kB   23.4%  1 attempt(s)  eta 18:11
chunk  31/128  0x00780000  256 kB   24.2%  1 attempt(s)  eta 17:23
chunk  32/128  0x007c0000  256 kB   25.0%  1 attempt(s)  eta 16:35
chunk  33/128  0x00800000  256 kB   25.8%  1 attempt(s)  eta 15:47
chunk  34/128  0x00840000  256 kB   26.6%  1 attempt(s)  eta 15:00
chunk  35/128  0x00880000  256 kB   27.3%  1 attempt(s)  eta 14:13
chunk  36/128  0x008c0000  256 kB   28.1%  1 attempt(s)  eta 13:24
chunk  37/128  0x00900000  256 kB   28.9%  1 attempt(s)  eta 12:36
chunk  38/128  0x00940000  256 kB   29.7%  1 attempt(s)  eta 11:48
chunk  39/128  0x00980000  256 kB   30.5%  1 attempt(s)  eta 10:59
chunk  40/128  0x009c0000  256 kB   31.2%  1 attempt(s)  eta 10:10
chunk  41/128  0x00a00000  256 kB   32.0%  1 attempt(s)  eta 09:21
chunk  42/128  0x00a40000  256 kB   32.8%  1 attempt(s)  eta 08:32
chunk  43/128  0x00a80000  256 kB   33.6%  1 attempt(s)  eta 07:47
chunk  44/128  0x00ac0000  256 kB   34.4%  1 attempt(s)  eta 07:01
chunk  45/128  0x00b00000  256 kB   35.2%  1 attempt(s)  eta 06:15
chunk  46/128  0x00b40000  256 kB   35.9%  1 attempt(s)  eta 05:29
chunk  47/128  0x00b80000  256 kB   36.7%  1 attempt(s)  eta 04:43
chunk  48/128  0x00bc0000  256 kB   37.5%  1 attempt(s)  eta 03:57
chunk  49/128  0x00c00000  256 kB   38.3%  1 attempt(s)  eta 03:11
chunk  50/128  0x00c40000  256 kB   39.1%  1 attempt(s)  eta 02:26
chunk  51/128  0x00c80000  256 kB   39.8%  1 attempt(s)  eta 01:39
chunk  52/128  0x00cc0000  256 kB   40.6%  1 attempt(s)  eta 00:52
chunk  53/128  0x00d00000  256 kB   41.4%  1 attempt(s)  eta 00:05
chunk  54/128  0x00d40000  256 kB   42.2%  1 attempt(s)  eta 59:19
chunk  55/128  0x00d80000  256 kB   43.0%  1 attempt(s)  eta 58:33
chunk  56/128  0x00dc0000  256 kB   43.8%  1 attempt(s)  eta 57:46
chunk  57/128  0x00e00000  256 kB   44.5%  1 attempt(s)  eta 56:58
chunk  58/128  0x00e40000  256 kB   45.3%  1 attempt(s)  eta 56:11
chunk  59/128  0x00e80000  256 kB   46.1%  1 attempt(s)  eta 55:24
chunk  60/128  0x00ec0000  256 kB   46.9%  1 attempt(s)  eta 54:37
chunk  61/128  0x00f00000  256 kB   47.7%  1 attempt(s)  eta 53:50
chunk  62/128  0x00f40000  256 kB   48.4%  1 attempt(s)  eta 53:02
chunk  63/128  0x00f80000  256 kB   49.2%  1 attempt(s)  eta 52:15
chunk  64/128  0x00fc0000  256 kB   50.0%  1 attempt(s)  eta 51:28
chunk  65/128  0x01000000  FAILED after 8 attempts: ERROR: A fatal error occurred: Can't access flash regions larger than 16MB (set size 0x40000 from address 0x01000000 goes past 16MB by 0x40000 bytes).
chunk  66/128  0x01040000  FAILED after 8 attempts: ERROR: A fatal error occurred: Can't access flash regions larger than 16MB (set size 0x40000 from address 0x01040000 goes past 16MB by 0x80000 bytes).
chunk  67/128  0x01080000  FAILED after 8 attempts: ERROR: A fatal error occurred: Can't access flash regions larger than 16MB (set size 0x40000 from address 0x01080000 goes past 16MB by 0xc0000 bytes).
...
chunk  71/128  0x01180000  FAILED after 8 attempts: ERROR: A fatal error occurred: Can't access flash regions larger than 16MB (set size 0x40000 from address 0x01180000 goes past 16MB by 0x1c0000 bytes).
chunk  72/128  0x011c0000  FAILED after 8 attempts: ERROR: A fatal error occurred: Can't access flash regions larger than 16MB (set size 0x40000 from address 0x011c0000 goes past 16MB by 0x200000 bytes).
chunk  73/128  0x01200000  FAILED after 8 attempts: ERROR: A fatal error occurred: Can't access flash regions larger than 16MB (set size 0x40000 from address 0x01200000 goes past 16MB by 0x240000 bytes).
chunk  74/128  0x01240000  FAILED after 8 attempts: ERROR: A fatal error occurred: Can't access flash regions larger than 16MB (set size 0x40000 from address 0x01240000 goes past 16MB by 0x280000 bytes).

## Run 2 — resumed with --stub-mode auto; 64 finished chunks skipped
resuming at 13:24:00 — 64 chunks already on disk, 64 to go via the stub
chunk  65/128  0x01000000  256 kB  stub     50.8%  2 attempt(s)  eta 00:37
chunk  66/128  0x01040000  256 kB  stub     51.6%  1 attempt(s)  eta 01:00
chunk  67/128  0x01080000  256 kB  stub     52.3%  1 attempt(s)  eta 01:22
chunk  68/128  0x010c0000  256 kB  stub     53.1%  1 attempt(s)  eta 01:43
chunk  69/128  0x01100000  256 kB  stub     53.9%  1 attempt(s)  eta 02:02
...
chunk 126/128  0x01f40000  256 kB  stub     98.4%  1 attempt(s)  eta 00:27
chunk 127/128  0x01f80000  256 kB  stub     99.2%  1 attempt(s)  eta 00:13
chunk 128/128  0x01fc0000  256 kB  stub    100.0%  1 attempt(s)  eta 00:00

wrote /Users/richardbailey/RichardClaude/githubpages/webartests/embedded/seeed-studio-epaper/firmware-backup/2026-09-06_reterminal-e1002-factory-32MB.bin  (33554432 bytes)
sha256 2062e5caa9dd8ff2e92e1d24b8a5cdda25992623694d1db1dfb0b3a1c23d7eda
elapsed 00:29:26

## Attempts per chunk
lower 16 MB, ROM loader : 64 chunks, all first attempt
upper 16 MB, stub       : 59 first, 4 second, 1 third
