touch health: irq=0 frames=2320 rejected=0 lastG=0x00 lastF=0  heap=237604 netstack=11172
touch health: irq=0 frames=2804 rejected=0 lastG=0x00 lastF=0  heap=237652 netstack=11172
touch health: irq=0 frames=3288 rejected=0 lastG=0x00 lastF=0  heap=237604 netstack=11172
touch health: irq=0 frames=3771 rejected=0 lastG=0x00 lastF=0  heap=237652 netstack=11172
touch health: irq=0 frames=4255 rejected=0 lastG=0x00 lastF=0  heap=237692 netstack=11172
touch health: irq=0 frames=4739 rejected=0 lastG=0x00 lastF=0  heap=237692 netstack=11172
touch health: irq=0 frames=5223 rejected=0 lastG=0x00 lastF=0  heap=237692 netstack=11172
touch health: irq=35 frames=5726 rejected=0 lastG=0x00 lastF=0  heap=228436 netstack=9204
gesture 0x05 tap  scr=0 ctl=0 pwr=1 mode=1 L=50 c=100 s=1000 h=0  publish+0ms
draw took 29 ms  full=1
draw took 9 ms  full=0
draw took 9 ms  full=0
gesture 0x05 tap  scr=1 ctl=0 pwr=1 mode=1 L=100 c=100 s=1000 h=205  publish+0ms
draw took 26 ms  full=1
draw took 27 ms  full=1
gesture 0x05 tap  scr=0 ctl=2 pwr=1 mode=2 L=100 c=100 s=1000 h=205  publish+0ms  (blocked by press)
gesture 0x05 tap  scr=0 ctl=2 pwr=1 mode=2 L=100 c=100 s=1000 h=205  publish+0ms
draw took 28 ms  full=1
touch health: irq=92 frames=6239 rejected=0 lastG=0x05 lastF=0  heap=231664 netstack=9204
draw took 9 ms  full=0
draw took 9 ms  full=0
gesture 0x03 swipe L  scr=1 ctl=2 pwr=1 mode=2 L=100 c=100 s=1000 h=176  publish+0ms
draw took 28 ms  full=1
draw took 9 ms  full=0
draw took 9 ms  full=0
draw took 9 ms  full=0
draw took 9 ms  full=0
draw took 9 ms  full=0
draw took 9 ms  full=0
draw took 9 ms  full=0
touch health: irq=97 frames=6716 rejected=0 lastG=0x03 lastF=0  heap=229188 netstack=8964
gesture 0x03 swipe L  scr=1 ctl=0 pwr=1 mode=2 L=100 c=100 s=1000 h=176  publish+0ms
draw took 27 ms  full=1
draw took 9 ms  full=0
draw took 9 ms  full=0
draw took 9 ms  full=0
draw took 9 ms  full=0
draw took 9 ms  full=0
draw took 9 ms  full=0
draw took 9 ms  full=0
draw took 9 ms  full=0
draw took 9 ms  full=0
draw took 9 ms  full=0
draw took 9 ms  full=0
draw took 9 ms  full=0
draw took 9 ms  full=0
draw took 9 ms  full=0
draw took 9 ms  full=0
draw took 9 ms  full=0
draw took 9 ms  full=0
draw took 9 ms  full=0
draw took 9 ms  full=0
draw took 9 ms  full=0
draw took 9 ms  full=0
touch health: irq=105 frames=7196 rejected=0 lastG=0x03 lastF=0  heap=226040 netstack=8964
gesture 0x04 swipe R  scr=1 ctl=3 pwr=1 mode=2 L=100 c=100 s=1000 h=176  publish+0ms
draw took 28 ms  full=1
gesture 0x04 swipe R  scr=1 ctl=0 pwr=1 mode=2 L=100 c=100 s=1000 h=176  publish+0ms
draw took 26 ms  full=1
draw took 9 ms  full=0
gesture 0x05 tap  scr=1 ctl=2 pwr=1 mode=2 L=100 c=100 s=1000 h=310  publish+0ms
draw took 27 ms  full=1
touch health: irq=126 frames=7688 rejected=0 lastG=0x05 lastF=0  heap=218812 netstack=8964
touch health: irq=126 frames=8172 rejected=0 lastG=0x05 lastF=0  heap=218812 netstack=8964
touch health: irq=126 frames=8656 rejected=0 lastG=0x05 lastF=0  heap=218812 netstack=8964
draw took 27 ms  full=1
gesture 0x05 tap  scr=0 ctl=4 pwr=1 mode=3 L=100 c=100 s=1000 h=310  publish+0ms  (blocked by press)
gesture 0x05 tap  scr=0 ctl=4 pwr=1 mode=3 L=100 c=100 s=1000 h=310  publish+0ms
draw took 26 ms  full=1
touch health: irq=152 frames=9154 rejected=0 lastG=0x05 lastF=0  heap=220428 netstack=8964
draw took 9 ms  full=0
draw took 12 ms  full=0
draw took 12 ms  full=0
draw took 9 ms  full=0
draw took 9 ms  full=0
draw took 9 ms  full=0
draw took 9 ms  full=0
draw took 9 ms  full=0
touch health: irq=152 frames=9634 rejected=0 lastG=0x05 lastF=0  heap=215216 netstack=8964
touch health: irq=152 frames=10118 rejected=0 lastG=0x05 lastF=0  heap=215216 netstack=8964
gesture 0x03 swipe L  scr=1 ctl=4 pwr=1 mode=3 L=100 c=100 s=1000 h=310  publish+0ms
draw took 27 ms  full=1
gesture 0x03 swipe L  scr=1 ctl=0 pwr=1 mode=3 L=100 c=100 s=1000 h=310  publish+0ms
draw took 26 ms  full=1
gesture 0x04 swipe R  scr=1 ctl=4 pwr=1 mode=3 L=100 c=100 s=1000 h=310  publish+0ms
draw took 28 ms  full=1
touch health: irq=177 frames=10613 rejected=0 lastG=0x04 lastF=0  heap=215984 netstack=8964
gesture 0x04 swipe R  scr=1 ctl=0 pwr=1 mode=3 L=91 c=100 s=1000 h=310  publish+0ms
draw took 26 ms  full=1
draw took 9 ms  full=0
draw took 9 ms  full=0
draw took 9 ms  full=0
draw took 9 ms  full=0
draw took 9 ms  full=0
draw took 9 ms  full=0
draw took 9 ms  full=0
draw took 9 ms  full=0
draw took 9 ms  full=0
draw took 9 ms  full=0
touch health: irq=183 frames=11095 rejected=0 lastG=0x04 lastF=0  heap=217940 netstack=8964
touch health: irq=183 frames=11579 rejected=0 lastG=0x04 lastF=0  heap=228444 netstack=8964
draw took 9 ms  full=0
touch health: irq=183 frames=12062 rejected=0 lastG=0x04 lastF=0  heap=231660 netstack=8964
draw took 9 ms  full=0
draw took 9 ms  full=0
draw took 13 ms  full=0
draw took 14 ms  full=0
draw took 9 ms  full=0
draw took 9 ms  full=0
draw took 12 ms  full=0
draw took 12 ms  full=0
draw took 9 ms  full=0
draw took 12 ms  full=0
draw took 9 ms  full=0
draw took 10 ms  full=0
draw took 9 ms  full=0
draw took 12 ms  full=0
draw took 9 ms  full=0
draw took 9 ms  full=0
draw took 12 ms  full=0
draw took 9 ms  full=0
draw took 9 ms  full=0
draw took 9 ms  full=0
draw took 9 ms  full=0
draw took 13 ms  full=0
draw took 12 ms  full=0
draw took 9 ms  full=0
draw took 13 ms  full=0
draw took 12 ms  full=0
draw took 12 ms  full=0
draw took 9 ms  full=0
draw took 13 ms  full=0
touch health: irq=183 frames=12539 rejected=0 lastG=0x04 lastF=0  heap=228444 netstack=8964
draw took 9 ms  full=0
draw took 13 ms  full=0
draw took 9 ms  full=0
draw took 9 ms  full=0
draw took 12 ms  full=0
draw took 12 ms  full=0
draw took 12 ms  full=0
draw took 12 ms  full=0
draw took 12 ms  full=0
draw took 13 ms  full=0
draw took 9 ms  full=0
draw took 9 ms  full=0
draw took 9 ms  full=0
draw took 9 ms  full=0
draw took 9 ms  full=0
draw took 13 ms  full=0
draw took 9 ms  full=0
draw took 9 ms  full=0
draw took 12 ms  full=0
draw took 9 ms  full=0
draw took 9 ms  full=0
draw took 13 ms  full=0
draw took 13 ms  full=0
draw took 13 ms  full=0
draw took 12 ms  full=0
touch health: irq=183 frames=13018 rejected=0 lastG=0x04 lastF=0  heap=228444 netstack=8964
draw took 12 ms  full=0
draw took 13 ms  full=0
draw took 9 ms  full=0
draw took 12 ms  full=0
draw took 12 ms  full=0
draw took 13 ms  full=0
draw took 9 ms  full=0
draw took 9 ms  full=0
draw took 12 ms  full=0
draw took 12 ms  full=0
draw took 9 ms  full=0
draw took 12 ms  full=0
touch health: irq=183 frames=13499 rejected=0 lastG=0x04 lastF=0  heap=230008 netstack=8964
draw took 13 ms  full=0
draw took 12 ms  full=0
draw took 9 ms  full=0
draw took 9 ms  full=0
gesture 0x05 tap  scr=1 ctl=4 pwr=1 mode=3 L=91 c=100 s=1000 h=310  publish+0ms
draw took 26 ms  full=1
touch health: irq=187 frames=13984 rejected=0 lastG=0x05 lastF=0  heap=228444 netstack=8964
touch health: irq=187 frames=14467 rejected=0 lastG=0x05 lastF=0  heap=228444 netstack=8964
