ESP-ROM:esp32s3-20210327
Build:Mar 27 2021
rst:0x5 (DSLEESP-ROM:esp32s3-20210327
Build:Mar 27 2021
rst:0x5 (DSLEEP),boot:0x28 (SPI_FAST_FLASH_BOOT)
pro cpu reset by JTAG
SPIWP:0xee
mode:DIO, clock div:1
load:0x3fce2820,len:0x10cc
load:0x403c8700,len:0xc2c
load:0x403cb700,len:0x30b0
entry 0x403c88b8
=== wake 8 (button: green/refresh) ===
  heap 304164 free, psram 8181516 free
  batt: 93%
  wifi: dingle  ip 192.168.68.75  rssi -32 dBm  1601 ms
  ntp:  ok
  api.open-meteo.com       HTTP 200, -1 bytes, heap 251368 -> 203608
  api.open-meteo.com       parsed 4497 bytes
  air-quality-api.open-meteo.com HTTP 200, -1 bytes, heap 250552 -> 204388
  air-quality-api.open-meteo.com parsed 354 bytes
  ll.thespacedevs.com      HTTP 200, -1 bytes, heap 249144 -> 200884
  ll.thespacedevs.com      parsed 26623 bytes
  ll.thespacedevs.com      HTTP 429 (), heap 246540 -> 203512
  fetch: weather ok, air ok, launch band, bins bring in
  runway: 93 days until recharge
  event: none
  draw: repainting (button), hash 0ecb21aa -> 423a08b5
  draw: full refresh took 37954 ms
sleeping 9775 s (2.7 h)
